// Jest Snapshot v1, https://goo.gl/fbAQLP

exports[`FeedbackStats component displays a whole number for the average when all ratings are whole numbers 1`] = `
<div
  className="feedback-stats"
>
  <h4>
    3
     Reviews
  </h4>
  <h4>
    Average Rating: 
    3
  </h4>
</div>
`;

exports[`FeedbackStats component displays the average rating 1`] = `
<div
  className="feedback-stats"
>
  <h4>
    4
     Reviews
  </h4>
  <h4>
    Average Rating: 
    3.5
  </h4>
</div>
`;

exports[`FeedbackStats component displays the correct number of reviews and average when there is only one feedback 1`] = `
<div
  className="feedback-stats"
>
  <h4>
    1
     Reviews
  </h4>
  <h4>
    Average Rating: 
    5
  </h4>
</div>
`;

exports[`FeedbackStats component displays the number of reviews when there are no feedback 1`] = `
<div
  className="feedback-stats"
>
  <h4>
    0
     Reviews
  </h4>
  <h4>
    Average Rating: 
    0
  </h4>
</div>
`;
